// Jest Snapshot v1, https://goo.gl/fbAQLP

exports[`NorsysCustomIconComponent should create with name $name, width 16 and height 24 1`] = `
<rc-norsys-custom-icon>
  <rc-custom-icon>
    <object
      data="assets/images/norsys.svg"
      height="24"
      type="image/svg+xml"
      width="24"
    >
      <img
        alt="assets/images/norsys"
        src="assets/images/norsys.png"
      />
    </object>
  </rc-custom-icon>
</rc-norsys-custom-icon>
`;

exports[`NorsysCustomIconComponent should create with name $name, width 32 and height undefined 1`] = `
<rc-norsys-custom-icon>
  <rc-custom-icon>
    <object
      data="assets/images/norsys.svg"
      height="24"
      type="image/svg+xml"
      width="24"
    >
      <img
        alt="assets/images/norsys"
        src="assets/images/norsys.png"
      />
    </object>
  </rc-custom-icon>
</rc-norsys-custom-icon>
`;
