// Jest Snapshot v1, https://goo.gl/fbAQLP

exports[`AngularCustomIconComponent should create with name $name, width 16 and height 24 1`] = `
<rc-angular-custom-icon>
  <rc-custom-icon>
    <img
      alt="angular"
      height="24"
      src="assets/images/angular.svg"
      width="24"
    />
  </rc-custom-icon>
</rc-angular-custom-icon>
`;

exports[`AngularCustomIconComponent should create with name $name, width 32 and height undefined 1`] = `
<rc-angular-custom-icon>
  <rc-custom-icon>
    <img
      alt="angular"
      height="24"
      src="assets/images/angular.svg"
      width="24"
    />
  </rc-custom-icon>
</rc-angular-custom-icon>
`;
