// Jest Snapshot v1, https://goo.gl/fbAQLP

exports[`StorybookCustomIconComponent should create with name $name, width 16 and height 24 1`] = `
<rc-storybook-custom-icon>
  <rc-custom-icon>
    <img
      alt="storybook"
      height="24"
      src="assets/images/storybook.svg"
      width="24"
    />
  </rc-custom-icon>
</rc-storybook-custom-icon>
`;

exports[`StorybookCustomIconComponent should create with name $name, width 32 and height undefined 1`] = `
<rc-storybook-custom-icon>
  <rc-custom-icon>
    <img
      alt="storybook"
      height="24"
      src="assets/images/storybook.svg"
      width="24"
    />
  </rc-custom-icon>
</rc-storybook-custom-icon>
`;
