// Jest Snapshot v1, https://goo.gl/fbAQLP

exports[`ExperienceButtonWithIconComponent should create 1`] = `
<rc-experience-button-with-icon>
  <a
    class="rc-button"
    rcbutton=""
  >
    <rc-material-icon
      class="material-icons-outlined"
      type="outlined"
    >
      history_edu
    </rc-material-icon>
     Exp√©riences

  </a>
</rc-experience-button-with-icon>
`;
