// Jest Snapshot v1, https://goo.gl/fbAQLP

exports[`RwToolbarComponent should create 1`] = `
<rc-rw-toolbar>
  <rc-toolbar>
    <rc-rw-avatars>
      <img
        alt="avatar"
        class="rc-avatar"
        rcavatar=""
        src="assets/venom.png"
      />
    </rc-rw-avatars>
    <rc-education-button-with-icon>
      <a
        class="rc-button"
        rcbutton=""
      >
        <rc-material-icon
          class="material-icons-outlined"
          type="outlined"
        >
          school
        </rc-material-icon>
         Formations

      </a>
    </rc-education-button-with-icon>
    <rc-experience-button-with-icon>
      <a
        class="rc-button"
        rcbutton=""
      >
        <rc-material-icon
          class="material-icons-outlined"
          type="outlined"
        >
          history_edu
        </rc-material-icon>
         Exp√©riences

      </a>
    </rc-experience-button-with-icon>
    <rc-contact-button-icon>
      <a
        class="rc-button"
        rcbutton=""
      >
        <rc-material-icon
          class="material-icons-outlined"
          type="outlined"
        >
          mail
        </rc-material-icon>
      </a>
    </rc-contact-button-icon>
  </rc-toolbar>
</rc-rw-toolbar>
`;
